"Setting","Antibiotic","Rcgc_1_2","Rcgc_2","Rcgc2_zero_replaced","Rtax_colkleebsal_Bracken","Rtax_f_E_Bracken","Rtax_o_E_Bracken","Res_Inf_Ent","Tot_Tested_Ent"
"CAMBODIA_POP_POOL","amikacin",0.0100203929017382,0.000454717787099922,0.000454717787099922,0.616579267479781,0.692912405843991,0.696802376241548,NA,NA
"CAMBODIA_POP_POOL","ciprofloxacin",0.0150188684468812,0.0203781515242044,0.0203781515242044,0.616579267479781,0.692912405843991,0.696802376241548,24,63
"CAMBODIA_POP_POOL","ceftazidime",0.00263932891255314,0.0027720445939566,0.0027720445939566,0.616579267479781,0.692912405843991,0.696802376241548,23,53
"CAMBODIA_POP_POOL","ampicillin",0.0153134766899868,1.02603862607268e-05,1.02603862607268e-05,0.616579267479781,0.692912405843991,0.696802376241548,61,65
"CAMBODIA_POP_POOL","Gentamicin_All",0.0122946458822465,0.00187577316552003,0.00187577316552003,0.616579267479781,0.692912405843991,0.696802376241548,29,62
"CAMBODIA_POP_POOL","ceftriaxone",0.00208052251028878,0.000133880850081874,0.000133880850081874,0.616579267479781,0.692912405843991,0.696802376241548,34,55
"CAMBODIA_POP_POOL","cefotaxime",0.00126263054098366,0.0051891133234718,0.0051891133234718,0.616579267479781,0.692912405843991,0.696802376241548,NA,NA
"CAMBODIA_POP_POOL","imipenem",0.00205226129838772,1.72293901074128e-05,1.72293901074128e-05,0.616579267479781,0.692912405843991,0.696802376241548,1,58
"CAMBODIA_POP_POOL","cefuroxime",4.59726669631299e-05,0,4.59726669631299e-05,0.616579267479781,0.692912405843991,0.696802376241548,NA,NA
"CAMBODIA_POP_POOL","cefoxitin",0.000697158266635214,0.0028030228517347,0.0028030228517347,0.616579267479781,0.692912405843991,0.696802376241548,NA,NA
"CAMBODIA_POP_POOL","meropenem",9.292956779473e-05,8.19326894190943e-05,8.19326894190943e-05,0.616579267479781,0.692912405843991,0.696802376241548,0,3
"CAMBODIA_POP_POOL","chloramphenicol",0.0357963761924071,0.00661751719530279,0.00661751719530279,0.616579267479781,0.692912405843991,0.696802376241548,23,58
"CAMBODIA_POP_POOL","cefpodoxime",4.59726669631299e-05,0,4.59726669631299e-05,0.616579267479781,0.692912405843991,0.696802376241548,35,62
"CAMBODIA_POP_POOL","nalidixicacid",0.00952712736174587,0.0239728663158086,0.0239728663158086,0.616579267479781,0.692912405843991,0.696802376241548,2,2
"CAMBODIA_POP_POOL","trimethoprimsulfamethoxazole",2.11118696889593e-05,0,2.11118696889593e-05,0.616579267479781,0.692912405843991,0.696802376241548,43,64
"CAMBODIA_POP_POOL","nitrofurantoin",0.00278248697036086,0.00500043243325876,0.00500043243325876,0.616579267479781,0.692912405843991,0.696802376241548,9,45
"KENYA_POP_POOL","amikacin",0.00525504261216763,0,0.00525504261216763,0.301315572720121,0.320517093084021,0.323581291440386,3,304
"KENYA_POP_POOL","ampicillin",0.0157246083883757,0.000140904825567459,0.000140904825567459,0.301315572720121,0.320517093084021,0.323581291440386,212,324
"KENYA_POP_POOL","Gentamicin_All",0.00746321000244045,0.00132478849129687,0.00132478849129687,0.301315572720121,0.320517093084021,0.323581291440386,72,324
"KENYA_POP_POOL","ciprofloxacin",0.0177914966107977,0.0164436588078206,0.0164436588078206,0.301315572720121,0.320517093084021,0.323581291440386,68,324
"KENYA_POP_POOL","cefotaxime",0.000316650166808756,0.000768297333927056,0.000768297333927056,0.301315572720121,0.320517093084021,0.323581291440386,63,324
"KENYA_POP_POOL","imipenem",0.00191053133615696,0.000165259986280523,0.000165259986280523,0.301315572720121,0.320517093084021,0.323581291440386,1,311
"KENYA_POP_POOL","cefuroxime",5.82924812846965e-05,0,5.82924812846965e-05,0.301315572720121,0.320517093084021,0.323581291440386,1,15
"KENYA_POP_POOL","cefoxitin",0.000119412417150975,0.000194811379138834,0.000194811379138834,0.301315572720121,0.320517093084021,0.323581291440386,22,306
"KENYA_POP_POOL","meropenem",0.00061497090648445,4.89999674682333e-05,4.89999674682333e-05,0.301315572720121,0.320517093084021,0.323581291440386,NA,NA
"KENYA_POP_POOL","chloramphenicol",0.0353693337640501,0.00197000611778652,0.00197000611778652,0.301315572720121,0.320517093084021,0.323581291440386,67,323
"KENYA_POP_POOL","cefpodoxime",5.82924812846965e-05,0,5.82924812846965e-05,0.301315572720121,0.320517093084021,0.323581291440386,NA,NA
"KENYA_POP_POOL","nalidixicacid",0.0137888183221371,0.0247581544986447,0.0247581544986447,0.301315572720121,0.320517093084021,0.323581291440386,NA,NA
"KENYA_POP_POOL","ceftriaxone",0.000594416774740984,0,0.000594416774740984,0.301315572720121,0.320517093084021,0.323581291440386,60,308
"KENYA_POP_POOL","ceftazidime",0.00235418304260136,0.000684170844580897,0.000684170844580897,0.301315572720121,0.320517093084021,0.323581291440386,62,308
"KENYA_POP_POOL","nitrofurantoin",0.00194580215599293,0.00581026948167996,0.00581026948167996,0.301315572720121,0.320517093084021,0.323581291440386,NA,NA
"KENYA_POP_POOL","trimethoprimsulfamethoxazole",0.000436825922703649,0,0.000436825922703649,0.301315572720121,0.320517093084021,0.323581291440386,200,324
"UK_POP_POOL","ampicillin",0.0162262522163927,1.70895916964067e-05,1.70895916964067e-05,0.675014498201306,0.729308225498268,0.757429531202144,NA,NA
"UK_POP_POOL","amikacin",0.00516622492236274,0,0.00516622492236274,0.675014498201306,0.729308225498268,0.757429531202144,42,903
"UK_POP_POOL","cefotaxime",5.8122187418886e-05,0.000196090820672112,0.000196090820672112,0.675014498201306,0.729308225498268,0.757429531202144,103,224
"UK_POP_POOL","imipenem",0.00209615987848193,1.46732804793247e-05,1.46732804793247e-05,0.675014498201306,0.729308225498268,0.757429531202144,NA,NA
"UK_POP_POOL","cefuroxime",1.44883170637782e-05,0,1.44883170637782e-05,0.675014498201306,0.729308225498268,0.757429531202144,291,908
"UK_POP_POOL","cefoxitin",5.86641879255758e-05,0.000198526573524118,0.000198526573524118,0.675014498201306,0.729308225498268,0.757429531202144,61,224
"UK_POP_POOL","meropenem",5.08297478671739e-05,0,5.08297478671739e-05,0.675014498201306,0.729308225498268,0.757429531202144,7,908
"UK_POP_POOL","chloramphenicol",0.0423152486515228,0.00493210350521406,0.00493210350521406,0.675014498201306,0.729308225498268,0.757429531202144,14,20
"UK_POP_POOL","cefpodoxime",1.44883170637782e-05,0,1.44883170637782e-05,0.675014498201306,0.729308225498268,0.757429531202144,108,776
"UK_POP_POOL","nalidixicacid",0.0172406854942704,0.0494350547622091,0.0494350547622091,0.675014498201306,0.729308225498268,0.757429531202144,35,49
"UK_POP_POOL","ciprofloxacin",0.0186672738575346,0.0304016982852671,0.0304016982852671,0.675014498201306,0.729308225498268,0.757429531202144,189,912
"UK_POP_POOL","ceftazidime",0.00214032223581031,0.000131790770695238,0.000131790770695238,0.675014498201306,0.729308225498268,0.757429531202144,243,906
"UK_POP_POOL","nitrofurantoin",0.00207817837788849,0.00893124226753942,0.00893124226753942,0.675014498201306,0.729308225498268,0.757429531202144,11,41
"UK_POP_POOL","Gentamicin_All",0.00736711374684648,0.000509325092969846,0.000509325092969846,0.675014498201306,0.729308225498268,0.757429531202144,144,905
"UK_POP_POOL","ceftriaxone",0.000136358181587899,0,0.000136358181587899,0.675014498201306,0.729308225498268,0.757429531202144,0,3
"UK_POP_POOL","trimethoprimsulfamethoxazole",2.50906388126986e-05,0,2.50906388126986e-05,0.675014498201306,0.729308225498268,0.757429531202144,168,549
